// Jest Snapshot v1, https://goo.gl/fbAQLP

exports[`renders correctly 1`] = `
<select
  className="StationSelector"
  onChange={undefined}
  value="HJ"
>
  <option
    value="AHO"
  >
    Ahonpää
  </option>
  <option
    value="AHV"
  >
    Ahvenus
  </option>
  <option
    value="AIN"
  >
    Ainola
  </option>
  <option
    value="ARL"
  >
    Airaksela
  </option>
  <option
    value="ATL"
  >
    Aittaluoto
  </option>
  <option
    value="AJO"
  >
    Ajos
  </option>
  <option
    value="APT"
  >
    Alapitkä
  </option>
  <option
    value="ALV"
  >
    Alavus
  </option>
  <option
    value="ALH"
  >
    Alholma
  </option>
  <option
    value="ARO"
  >
    Arola
  </option>
  <option
    value="ASO"
  >
    Asola
  </option>
  <option
    value="AVP"
  >
    Aviapolis
  </option>
  <option
    value="DRA"
  >
    Dragsvik
  </option>
  <option
    value="DMV"
  >
    Dynamiittivaihde
  </option>
  <option
    value="ELI"
  >
    Elijärvi
  </option>
  <option
    value="EPZ"
  >
    Eläinpuisto-Zoo
  </option>
  <option
    value="ENO"
  >
    Eno
  </option>
  <option
    value="ERV"
  >
    Ervelä
  </option>
  <option
    value="ELA"
  >
    Eskola
  </option>
  <option
    value="EPO"
  >
    Espoo
  </option>
  <option
    value="HPJ"
  >
    Haapajärvi
  </option>
  <option
    value="HPS"
  >
    Haapakoski
  </option>
  <option
    value="HMK"
  >
    Haapamäen kyllästämö
  </option>
  <option
    value="HPK"
  >
    Haapamäki
  </option>
  <option
    value="HPA"
  >
    Haaparanta
  </option>
  <option
    value="HAA"
  >
    Haarajoki
  </option>
  <option
    value="HLT"
  >
    Hakosilta
  </option>
  <option
    value="HSI"
  >
    Haksi
  </option>
  <option
    value="HMA"
  >
    Hamina
  </option>
  <option
    value="HSL"
  >
    Hammaslahti
  </option>
  <option
    value="HNA"
  >
    Hanala
  </option>
  <option
    value="HGS"
  >
    Hangonsaari
  </option>
  <option
    value="HNH"
  >
    Hanhikoski
  </option>
  <option
    value="HKS"
  >
    Hankasalmi
  </option>
  <option
    value="HNK"
  >
    Hanko asema
  </option>
  <option
    value="HNKT"
  >
    Hanko tavara
  </option>
  <option
    value="HKP"
  >
    Hanko-Pohjoinen
  </option>
  <option
    value="HVA"
  >
    Harjavalta
  </option>
  <option
    value="HJ"
  >
    Harju
  </option>
  <option
    value="HRV"
  >
    Harviala
  </option>
  <option
    value="HD"
  >
    Haukipudas
  </option>
  <option
    value="HAU"
  >
    Haukivuori
  </option>
  <option
    value="HAS"
  >
    Hausjärvi tavara
  </option>
  <option
    value="HVS"
  >
    Haviseva
  </option>
  <option
    value="HVK"
  >
    Havukoski
  </option>
  <option
    value="HEK"
  >
    Heikkilä
  </option>
  <option
    value="HA"
  >
    Heinola
  </option>
  <option
    value="HNO"
  >
    Heinoo
  </option>
  <option
    value="HÄV"
  >
    Heinävaara
  </option>
  <option
    value="HNV"
  >
    Heinävesi
  </option>
  <option
    value="HKI"
  >
    Helsinki asema
  </option>
  <option
    value="KHK"
  >
    Helsinki Kivihaka
  </option>
  <option
    value="HNN"
  >
    Henna
  </option>
  <option
    value="HR"
  >
    Herrala
  </option>
  <option
    value="HKH"
  >
    Hiekkaharju
  </option>
  <option
    value="HIR"
  >
    Hiirola
  </option>
  <option
    value="HK"
  >
    Hikiä
  </option>
  <option
    value="HLS"
  >
    Hillosensalmi
  </option>
  <option
    value="HH"
  >
    Hinthaara
  </option>
  <option
    value="HVN"
  >
    Hirvineva
  </option>
  <option
    value="HP"
  >
    Humppila
  </option>
  <option
    value="HPL"
  >
    Huopalahti
  </option>
  <option
    value="HKO"
  >
    Huutokoski
  </option>
  <option
    value="HYS"
  >
    Hyrynsalmi
  </option>
  <option
    value="HY"
  >
    Hyvinkää
  </option>
  <option
    value="HL"
  >
    Hämeenlinna
  </option>
  <option
    value="HM"
  >
    Härmä
  </option>
  <option
    value="HÖL"
  >
    Höljäkkä
  </option>
  <option
    value="II"
  >
    Ii
  </option>
  <option
    value="ITR"
  >
    Iisalmen teollisuusraiteet
  </option>
  <option
    value="ILM"
  >
    Iisalmi
  </option>
  <option
    value="ITA"
  >
    Iittala
  </option>
  <option
    value="ILA"
  >
    Ilmala asema
  </option>
  <option
    value="ILR"
  >
    Ilmala ratapiha
  </option>
  <option
    value="ILO"
  >
    Ilomantsi
  </option>
  <option
    value="IMR"
  >
    Imatra asema
  </option>
  <option
    value="IMT"
  >
    Imatra tavara
  </option>
  <option
    value="IMK"
  >
    Imatrankoski
  </option>
  <option
    value="IMKR"
  >
    Imatrankoski-raja
  </option>
  <option
    value="IN"
  >
    Inha
  </option>
  <option
    value="IKR"
  >
    Inkeroinen
  </option>
  <option
    value="IKO"
  >
    Inkoo
  </option>
  <option
    value="IKY"
  >
    Isokyrö
  </option>
  <option
    value="JAL"
  >
    Jalasjärvi
  </option>
  <option
    value="JPA"
  >
    Jepua
  </option>
  <option
    value="JNS"
  >
    Joensuu asema
  </option>
  <option
    value="PLT"
  >
    Joensuu Peltola
  </option>
  <option
    value="SUL"
  >
    Joensuu Sulkulahti
  </option>
  <option
    value="JK"
  >
    Jokela
  </option>
  <option
    value="JOR"
  >
    Joroinen
  </option>
  <option
    value="JRS"
  >
    Jorvas
  </option>
  <option
    value="JTS"
  >
    Joutseno
  </option>
  <option
    value="JKI"
  >
    Juankoski
  </option>
  <option
    value="JUT"
  >
    Jutila
  </option>
  <option
    value="JJ"
  >
    Juupajoki
  </option>
  <option
    value="JRI"
  >
    Juurikorpi
  </option>
  <option
    value="JY"
  >
    Jyväskylä
  </option>
  <option
    value="JÄS"
  >
    Jämsä
  </option>
  <option
    value="JSK"
  >
    Jämsänkoski
  </option>
  <option
    value="JR"
  >
    Järvelä
  </option>
  <option
    value="JP"
  >
    Järvenpää asema
  </option>
  <option
    value="KPA"
  >
    Kaipiainen
  </option>
  <option
    value="KLA"
  >
    Kaipola
  </option>
  <option
    value="KKO"
  >
    Kairokoski
  </option>
  <option
    value="KJR"
  >
    Kaitjärvi
  </option>
  <option
    value="KAJ"
  >
    Kajaani
  </option>
  <option
    value="KTN"
  >
    Kaleton
  </option>
  <option
    value="KAU"
  >
    Kalkku
  </option>
  <option
    value="KAO"
  >
    Kalliovarasto
  </option>
  <option
    value="KSA"
  >
    Kalvitsa
  </option>
  <option
    value="KGS"
  >
    Kangas
  </option>
  <option
    value="KAN"
  >
    Kannelmäki
  </option>
  <option
    value="KSI"
  >
    Kannonkoski
  </option>
  <option
    value="KNS"
  >
    Kannus
  </option>
  <option
    value="KRR"
  >
    Karhejärvi
  </option>
  <option
    value="KHG"
  >
    Karhukangas
  </option>
  <option
    value="KR"
  >
    Karjaa
  </option>
  <option
    value="KRU"
  >
    Karkku
  </option>
  <option
    value="KAR"
  >
    Karviainen
  </option>
  <option
    value="KSK"
  >
    Kaskinen
  </option>
  <option
    value="KTH"
  >
    Kattilaharju
  </option>
  <option
    value="KJI"
  >
    Kauhajoki
  </option>
  <option
    value="KHA"
  >
    Kauhava
  </option>
  <option
    value="KLH"
  >
    Kauklahti asema
  </option>
  <option
    value="KLR"
  >
    Kaulinranta
  </option>
  <option
    value="KNI"
  >
    Kauniainen
  </option>
  <option
    value="KPL"
  >
    Kauppilanmäki
  </option>
  <option
    value="KA"
  >
    Kausala
  </option>
  <option
    value="KTP"
  >
    Keitelepohja
  </option>
  <option
    value="KEK"
  >
    Kekomäki
  </option>
  <option
    value="KEM"
  >
    Kemi
  </option>
  <option
    value="KJÄ"
  >
    Kemijärvi
  </option>
  <option
    value="KML"
  >
    Kempele
  </option>
  <option
    value="KEA"
  >
    Kera
  </option>
  <option
    value="KE"
  >
    Kerava asema
  </option>
  <option
    value="KIÄ"
  >
    Kerimäki
  </option>
  <option
    value="KTI"
  >
    Kesälahti
  </option>
  <option
    value="KEU"
  >
    Keuruu
  </option>
  <option
    value="KIA"
  >
    Kiiala
  </option>
  <option
    value="KIL"
  >
    Kilo
  </option>
  <option
    value="KUA"
  >
    Kilpua
  </option>
  <option
    value="KNH"
  >
    Kinahmi
  </option>
  <option
    value="KII"
  >
    Kinni
  </option>
  <option
    value="KIJ"
  >
    Kirjola
  </option>
  <option
    value="KKN"
  >
    Kirkkonummi
  </option>
  <option
    value="KRN"
  >
    Kirkniemi
  </option>
  <option
    value="KIT"
  >
    Kitee
  </option>
  <option
    value="KN"
  >
    Kiukainen
  </option>
  <option
    value="KRV"
  >
    Kiuruvesi
  </option>
  <option
    value="KVJ"
  >
    Kivesjärvi
  </option>
  <option
    value="KTÖ"
  >
    Kivistö
  </option>
  <option
    value="KOH"
  >
    Kohtavaara
  </option>
  <option
    value="KVU"
  >
    Koivu
  </option>
  <option
    value="KVH"
  >
    Koivuhovi
  </option>
  <option
    value="KVY"
  >
    Koivukylä
  </option>
  <option
    value="KKI"
  >
    Kokemäki
  </option>
  <option
    value="KOK"
  >
    Kokkola
  </option>
  <option
    value="KLI"
  >
    Kolari
  </option>
  <option
    value="KLO"
  >
    Kolho
  </option>
  <option
    value="KPI"
  >
    Kolppi
  </option>
  <option
    value="KMM"
  >
    Kommila
  </option>
  <option
    value="KOM"
  >
    Komu
  </option>
  <option
    value="KHI"
  >
    Kontiolahti
  </option>
  <option
    value="KON"
  >
    Kontiomäki
  </option>
  <option
    value="KRA"
  >
    Koria
  </option>
  <option
    value="KAS"
  >
    Korkeakoski
  </option>
  <option
    value="KRS"
  >
    Korso
  </option>
  <option
    value="KSU"
  >
    Korvensuo
  </option>
  <option
    value="KOS"
  >
    Koskenkorva
  </option>
  <option
    value="KTA"
  >
    Kotka asema
  </option>
  <option
    value="HOS"
  >
    Kotka Hovinsaari
  </option>
  <option
    value="MSS"
  >
    Kotka Mussalo
  </option>
  <option
    value="KTT"
  >
    Kotka tavara
  </option>
  <option
    value="KTS"
  >
    Kotkan satama
  </option>
  <option
    value="KOO"
  >
    Kotolahti
  </option>
  <option
    value="KV"
  >
    Kouvola asema
  </option>
  <option
    value="KVLA"
  >
    Kouvola lajittelu
  </option>
  <option
    value="OIK"
  >
    Kouvola Oikoraide
  </option>
  <option
    value="KVT"
  >
    Kouvola tavara
  </option>
  <option
    value="KOI"
  >
    Kovjoki
  </option>
  <option
    value="KPY"
  >
    Kruunupyy
  </option>
  <option
    value="KIS"
  >
    Kuivasjärvi
  </option>
  <option
    value="KUV"
  >
    Kullasvaara
  </option>
  <option
    value="KUO"
  >
    Kuopio asema
  </option>
  <option
    value="KUOT"
  >
    Kuopio tavara
  </option>
  <option
    value="KUT"
  >
    Kupittaa
  </option>
  <option
    value="KRM"
  >
    Kurkimäki
  </option>
  <option
    value="KU"
  >
    Kuurila
  </option>
  <option
    value="KUK"
  >
    Kuusankoski
  </option>
  <option
    value="KYN"
  >
    Kylänlahti
  </option>
  <option
    value="KY"
  >
    Kymi
  </option>
  <option
    value="KLN"
  >
    Kyminlinna
  </option>
  <option
    value="KÖ"
  >
    Kyrö
  </option>
  <option
    value="KYT"
  >
    Kytömaa
  </option>
  <option
    value="KLV"
  >
    Kälviä
  </option>
  <option
    value="KÄP"
  >
    Käpylä
  </option>
  <option
    value="KÖK"
  >
    Köykkäri
  </option>
  <option
    value="LAV"
  >
    Laajavuori
  </option>
  <option
    value="LPR"
  >
    Lahdenperä
  </option>
  <option
    value="LHN"
  >
    Lahnaslampi
  </option>
  <option
    value="LH"
  >
    Lahti
  </option>
  <option
    value="LAI"
  >
    Laihia
  </option>
  <option
    value="LAK"
  >
    Lakiala
  </option>
  <option
    value="LMK"
  >
    Lamminkoski
  </option>
  <option
    value="LAM"
  >
    Lamminniemi
  </option>
  <option
    value="LPJ"
  >
    Lapinjärvi
  </option>
  <option
    value="LNA"
  >
    Lapinlahti
  </option>
  <option
    value="LPN"
  >
    Lapinneva
  </option>
  <option
    value="LR"
  >
    Lappeenranta
  </option>
  <option
    value="LAA"
  >
    Lappila
  </option>
  <option
    value="LPO"
  >
    Lappohja
  </option>
  <option
    value="LPA"
  >
    Lapua
  </option>
  <option
    value="LYÖ"
  >
    Larvakytö
  </option>
  <option
    value="LAU"
  >
    Laukaa
  </option>
  <option
    value="LLA"
  >
    Laurila
  </option>
  <option
    value="LRS"
  >
    Lauritsala
  </option>
  <option
    value="LI"
  >
    Lautiosaari
  </option>
  <option
    value="LNÄ"
  >
    Leinelä
  </option>
  <option
    value="LKL"
  >
    Lelkola
  </option>
  <option
    value="LPÄ"
  >
    Lempäälä
  </option>
  <option
    value="LEN"
  >
    Lentoasema
  </option>
  <option
    value="LK"
  >
    Leppäkoski
  </option>
  <option
    value="LPV"
  >
    Leppävaara
  </option>
  <option
    value="LTS"
  >
    Leteensuo
  </option>
  <option
    value="LIS"
  >
    Lieksa
  </option>
  <option
    value="LTK"
  >
    Lieksan teollisuuskylä
  </option>
  <option
    value="LLH"
  >
    Lielahti
  </option>
  <option
    value="LVT"
  >
    Lievestuore
  </option>
  <option
    value="LKA"
  >
    Liminka
  </option>
  <option
    value="LUO"
  >
    Lohiluoma
  </option>
  <option
    value="LO"
  >
    Lohja
  </option>
  <option
    value="LM"
  >
    Loimaa
  </option>
  <option
    value="LOH"
  >
    Louhela
  </option>
  <option
    value="LOL"
  >
    Loukolampi
  </option>
  <option
    value="LVS"
  >
    Loviisan satama
  </option>
  <option
    value="LUI"
  >
    Luikonlahti
  </option>
  <option
    value="LMA"
  >
    Luoma
  </option>
  <option
    value="LUS"
  >
    Lusto
  </option>
  <option
    value="LÄ"
  >
    Luumäki
  </option>
  <option
    value="LÄP"
  >
    Länkipohja
  </option>
  <option
    value="MLK"
  >
    Maanselkä
  </option>
  <option
    value="MRI"
  >
    Maaria
  </option>
  <option
    value="MD"
  >
    Madesjärvi
  </option>
  <option
    value="MJJ"
  >
    Majajärvi
  </option>
  <option
    value="ML"
  >
    Malmi
  </option>
  <option
    value="MLO"
  >
    Malminkartano
  </option>
  <option
    value="MKA"
  >
    Mankala
  </option>
  <option
    value="MNK"
  >
    Mankki
  </option>
  <option
    value="MRK"
  >
    Markkala
  </option>
  <option
    value="MRL"
  >
    Martinlaakso
  </option>
  <option
    value="MAS"
  >
    Masala
  </option>
  <option
    value="MTV"
  >
    Matkaneva
  </option>
  <option
    value="MAT"
  >
    Mattila
  </option>
  <option
    value="MEL"
  >
    Meltola
  </option>
  <option
    value="MSÄ"
  >
    Metsäkansa
  </option>
  <option
    value="MI"
  >
    Mikkeli
  </option>
  <option
    value="MIS"
  >
    Misi
  </option>
  <option
    value="MLA"
  >
    Mommila
  </option>
  <option
    value="MVA"
  >
    Moskova_(Leningradski)
  </option>
  <option
    value="MH"
  >
    Muhos
  </option>
  <option
    value="MUK"
  >
    Mukkula
  </option>
  <option
    value="MUR"
  >
    Murtomäki
  </option>
  <option
    value="MSO"
  >
    Mustio
  </option>
  <option
    value="MST"
  >
    Mustolan satama
  </option>
  <option
    value="MKO"
  >
    Muukko
  </option>
  <option
    value="MUU"
  >
    Muurame
  </option>
  <option
    value="MUL"
  >
    Muurola
  </option>
  <option
    value="MYS"
  >
    Myllykangas
  </option>
  <option
    value="MKI"
  >
    Myllykoski
  </option>
  <option
    value="MY"
  >
    Myllymäki
  </option>
  <option
    value="MYL"
  >
    Myllyoja
  </option>
  <option
    value="MYT"
  >
    Mynttilä
  </option>
  <option
    value="MYN"
  >
    Mynämäki
  </option>
  <option
    value="MYR"
  >
    Myyrmäki
  </option>
  <option
    value="MÄK"
  >
    Mäkkylä
  </option>
  <option
    value="MLÄ"
  >
    Mäntsälä
  </option>
  <option
    value="MÄN"
  >
    Mänttä
  </option>
  <option
    value="MR"
  >
    Mäntyharju
  </option>
  <option
    value="MN"
  >
    Mäntyluoto
  </option>
  <option
    value="NNL"
  >
    Naantali
  </option>
  <option
    value="NRI"
  >
    Naarajärvi
  </option>
  <option
    value="NAL"
  >
    Nakkila
  </option>
  <option
    value="NSL"
  >
    Nastola
  </option>
  <option
    value="NMP"
  >
    Niemenpää
  </option>
  <option
    value="NII"
  >
    Niinimaa
  </option>
  <option
    value="NMÄ"
  >
    Niinimäki
  </option>
  <option
    value="NNS"
  >
    Niinisalo
  </option>
  <option
    value="NRL"
  >
    Niirala
  </option>
  <option
    value="NRLR"
  >
    Niirala-raja
  </option>
  <option
    value="NTH"
  >
    Niittylahti
  </option>
  <option
    value="NLÄ"
  >
    Nikkilä
  </option>
  <option
    value="NVL"
  >
    Nivala
  </option>
  <option
    value="NOA"
  >
    Nokia
  </option>
  <option
    value="NM"
  >
    Nummela
  </option>
  <option
    value="NUP"
  >
    Nuppulinna
  </option>
  <option
    value="NRM"
  >
    Nurmes
  </option>
  <option
    value="NÄR"
  >
    Närpiö
  </option>
  <option
    value="OHM"
  >
    Ohenmäki
  </option>
  <option
    value="OI"
  >
    Oitti
  </option>
  <option
    value="OLLI"
  >
    Olli
  </option>
  <option
    value="ONT"
  >
    Onttola
  </option>
  <option
    value="OM"
  >
    Orimattila
  </option>
  <option
    value="OV"
  >
    Orivesi
  </option>
  <option
    value="OVK"
  >
    Orivesi keskusta
  </option>
  <option
    value="OTM"
  >
    Otanmäki
  </option>
  <option
    value="OT"
  >
    Otava
  </option>
  <option
    value="OU"
  >
    Oulainen
  </option>
  <option
    value="OL"
  >
    Oulu asema
  </option>
  <option
    value="NOK"
  >
    Oulu Nokela
  </option>
  <option
    value="ORI"
  >
    Oulu Oritkari
  </option>
  <option
    value="OLT"
  >
    Oulu tavara
  </option>
  <option
    value="TUA"
  >
    Oulu Tuira
  </option>
  <option
    value="OLK"
  >
    Oulunkylä
  </option>
  <option
    value="PTI"
  >
    Paimenportti
  </option>
  <option
    value="PO"
  >
    Paimio
  </option>
  <option
    value="PLP"
  >
    Palopuro
  </option>
  <option
    value="PTO"
  >
    Paltamo
  </option>
  <option
    value="PAS"
  >
    Pankakoski
  </option>
  <option
    value="PAR"
  >
    Parikkala
  </option>
  <option
    value="PKO"
  >
    Parkano
  </option>
  <option
    value="PRL"
  >
    Parola
  </option>
  <option
    value="PSL"
  >
    Pasila asema
  </option>
  <option
    value="PAU"
  >
    Pasila autojuna-asema
  </option>
  <option
    value="PSLT"
  >
    Pasila tavara
  </option>
  <option
    value="PTG"
  >
    Patokangas
  </option>
  <option
    value="PA"
  >
    Pelkola
  </option>
  <option
    value="PEL"
  >
    Pello
  </option>
  <option
    value="PMI"
  >
    Peltosalmi
  </option>
  <option
    value="PSJ"
  >
    Peräseinäjoki
  </option>
  <option
    value="PSK"
  >
    Pesiökylä
  </option>
  <option
    value="PTK"
  >
    Petroskoi / Petrozavodsk
  </option>
  <option
    value="PVI"
  >
    Petäjävesi
  </option>
  <option
    value="PM"
  >
    Pieksämäki asema
  </option>
  <option
    value="PMLA"
  >
    Pieksämäki lajittelu
  </option>
  <option
    value="PMT"
  >
    Pieksämäki tavara
  </option>
  <option
    value="TMU"
  >
    Pieksämäki Temu
  </option>
  <option
    value="PTR"
  >
    Pietari_(Finljandski)
  </option>
  <option
    value="PTS"
  >
    Pietarsaari
  </option>
  <option
    value="PH"
  >
    Pihlajavesi
  </option>
  <option
    value="PP"
  >
    Pihtipudas
  </option>
  <option
    value="PIK"
  >
    Piikkiö
  </option>
  <option
    value="PKL"
  >
    Pikkarala
  </option>
  <option
    value="PJM"
  >
    Pitäjänmäki
  </option>
  <option
    value="PKU"
  >
    Pohjankuru
  </option>
  <option
    value="POH"
  >
    Pohjois-Haaga
  </option>
  <option
    value="PLU"
  >
    Pohjois-Louko
  </option>
  <option
    value="PKK"
  >
    Poikkeus
  </option>
  <option
    value="POI"
  >
    Poiksilta
  </option>
  <option
    value="PRI"
  >
    Pori
  </option>
  <option
    value="POR"
  >
    Porokylä
  </option>
  <option
    value="PRV"
  >
    Porvoo
  </option>
  <option
    value="PUS"
  >
    Puhos
  </option>
  <option
    value="PLA"
  >
    Puistola
  </option>
  <option
    value="PMK"
  >
    Pukinmäki
  </option>
  <option
    value="PL"
  >
    Pulsa
  </option>
  <option
    value="PUN"
  >
    Punkaharju
  </option>
  <option
    value="PUR"
  >
    Purola
  </option>
  <option
    value="PYK"
  >
    Pyhäkumpu
  </option>
  <option
    value="PYE"
  >
    Pyhäkumpu erkanemisvaihde
  </option>
  <option
    value="PHÄ"
  >
    Pyhäsalmi
  </option>
  <option
    value="PNÄ"
  >
    Pännäinen
  </option>
  <option
    value="PKY"
  >
    Pääskylahti
  </option>
  <option
    value="R530"
  >
    R530
  </option>
  <option
    value="RHE"
  >
    Raahe
  </option>
  <option
    value="R934"
  >
    Raide934
  </option>
  <option
    value="RPO"
  >
    Raippo
  </option>
  <option
    value="RAI"
  >
    Raisio
  </option>
  <option
    value="RM"
  >
    Rajamäki
  </option>
  <option
    value="RJP"
  >
    Rajaperkiö
  </option>
  <option
    value="RMI"
  >
    Rantasalmi
  </option>
  <option
    value="RAS"
  >
    Rasinsuo
  </option>
  <option
    value="RLÄ"
  >
    Ratikylä
  </option>
  <option
    value="RAH"
  >
    Rauha
  </option>
  <option
    value="RHL"
  >
    Rauhalahti
  </option>
  <option
    value="RMA"
  >
    Rauma
  </option>
  <option
    value="RIO"
  >
    Raunio
  </option>
  <option
    value="RAT"
  >
    Rautaruukki
  </option>
  <option
    value="RJÄ"
  >
    Rautjärvi
  </option>
  <option
    value="RPH"
  >
    Rautpohja
  </option>
  <option
    value="RKL"
  >
    Rekola
  </option>
  <option
    value="REE"
  >
    Retretti
  </option>
  <option
    value="ARP"
  >
    Riihimäki Arolampi
  </option>
  <option
    value="RI"
  >
    Riihimäki asema
  </option>
  <option
    value="RILA"
  >
    Riihimäki lajittelu
  </option>
  <option
    value="RIT"
  >
    Riihimäki tavara
  </option>
  <option
    value="RJR"
  >
    Riijärvi
  </option>
  <option
    value="RPA"
  >
    Riippa
  </option>
  <option
    value="RST"
  >
    Ristiina
  </option>
  <option
    value="RJV"
  >
    Ristijärvi
  </option>
  <option
    value="ROI"
  >
    Rovaniemi
  </option>
  <option
    value="RHA"
  >
    Ruha
  </option>
  <option
    value="RNN"
  >
    Runni
  </option>
  <option
    value="RSU"
  >
    Ruokosuo
  </option>
  <option
    value="RKI"
  >
    Ruukki
  </option>
  <option
    value="RSM"
  >
    Ruusumäki
  </option>
  <option
    value="RY"
  >
    Ryttylä
  </option>
  <option
    value="RÖY"
  >
    Röyttä
  </option>
  <option
    value="SAA"
  >
    Saakoski
  </option>
  <option
    value="SR"
  >
    Saari
  </option>
  <option
    value="SRJ"
  >
    Saarijärvi
  </option>
  <option
    value="SLN"
  >
    Salminen
  </option>
  <option
    value="SLO"
  >
    Salo
  </option>
  <option
    value="SAM"
  >
    Sammalisto
  </option>
  <option
    value="STA"
  >
    Santala
  </option>
  <option
    value="SAU"
  >
    Saunakallio
  </option>
  <option
    value="SMÄ"
  >
    Saunamäki
  </option>
  <option
    value="SAV"
  >
    Savio
  </option>
  <option
    value="SL"
  >
    Savonlinna asema
  </option>
  <option
    value="SK"
  >
    Seinäjoki asema
  </option>
  <option
    value="SKT"
  >
    Seinäjoki tavara
  </option>
  <option
    value="SPÄ"
  >
    Selänpää
  </option>
  <option
    value="SPJ"
  >
    Sieppijärvi
  </option>
  <option
    value="SVI"
  >
    Sievi
  </option>
  <option
    value="SKÄ"
  >
    Siikamäki
  </option>
  <option
    value="SIJ"
  >
    Siilinjärvi Asema
  </option>
  <option
    value="SIM"
  >
    Simo
  </option>
  <option
    value="SPL"
  >
    Simpele
  </option>
  <option
    value="SIP"
  >
    Sipilä
  </option>
  <option
    value="STÖ"
  >
    Sisättö
  </option>
  <option
    value="STI"
  >
    Siuntio
  </option>
  <option
    value="SIU"
  >
    Siuro
  </option>
  <option
    value="SGY"
  >
    Skogby
  </option>
  <option
    value="SLD"
  >
    Sköldvik
  </option>
  <option
    value="SOA"
  >
    Soinlahti
  </option>
  <option
    value="SOR"
  >
    Sorsasalo
  </option>
  <option
    value="SKV"
  >
    Sukeva
  </option>
  <option
    value="SUO"
  >
    Suolahti
  </option>
  <option
    value="SNJ"
  >
    Suonenjoki
  </option>
  <option
    value="SNM"
  >
    Suoniemi
  </option>
  <option
    value="SYR"
  >
    Syrjä
  </option>
  <option
    value="SKI"
  >
    Syrjämäki
  </option>
  <option
    value="SMJ"
  >
    Sysmäjärvi
  </option>
  <option
    value="SÄ"
  >
    Säkäniemi
  </option>
  <option
    value="SKM"
  >
    Sänkimäki
  </option>
  <option
    value="SJ"
  >
    Sääksjärvi
  </option>
  <option
    value="TA"
  >
    Taavetti
  </option>
  <option
    value="TKO"
  >
    Tahkoluoto
  </option>
  <option
    value="TE"
  >
    Taipale
  </option>
  <option
    value="TV"
  >
    Talviainen
  </option>
  <option
    value="TLV"
  >
    Talvivaara
  </option>
  <option
    value="TMS"
  >
    Tammisaari
  </option>
  <option
    value="TPE"
  >
    Tampere asema
  </option>
  <option
    value="JVS"
  >
    Tampere Järvensivu
  </option>
  <option
    value="TPET"
  >
    Tampere tavara
  </option>
  <option
    value="VKA"
  >
    Tampere Viinikka
  </option>
  <option
    value="TNA"
  >
    Tapanila
  </option>
  <option
    value="TAP"
  >
    Tapavainola
  </option>
  <option
    value="TSL"
  >
    Tavastila
  </option>
  <option
    value="TK"
  >
    Tervajoki
  </option>
  <option
    value="TRV"
  >
    Tervola
  </option>
  <option
    value="TUV"
  >
    Teuva
  </option>
  <option
    value="TKK"
  >
    Tikkala
  </option>
  <option
    value="TKP"
  >
    Tikkaperä
  </option>
  <option
    value="TKL"
  >
    Tikkurila asema
  </option>
  <option
    value="TOH"
  >
    Tohmajärvi
  </option>
  <option
    value="TL"
  >
    Toijala
  </option>
  <option
    value="TOI"
  >
    Toivala
  </option>
  <option
    value="TOL"
  >
    Tolsa
  </option>
  <option
    value="TOM"
  >
    Tommola
  </option>
  <option
    value="TRK"
  >
    Torkkeli
  </option>
  <option
    value="TOR"
  >
    Tornio asema
  </option>
  <option
    value="TRI"
  >
    Tornio-Itäinen
  </option>
  <option
    value="TRR"
  >
    Tornio-raja
  </option>
  <option
    value="TRL"
  >
    Tuomarila
  </option>
  <option
    value="TJA"
  >
    Tuomioja
  </option>
  <option
    value="TU"
  >
    Turenki
  </option>
  <option
    value="TKU"
  >
    Turku asema
  </option>
  <option
    value="TUS"
  >
    Turku satama
  </option>
  <option
    value="TKUT"
  >
    Turku tavara
  </option>
  <option
    value="TPV"
  >
    Tuupovaara
  </option>
  <option
    value="TUU"
  >
    Tuuri
  </option>
  <option
    value="TÖR"
  >
    Törmä
  </option>
  <option
    value="TRÄ"
  >
    Törölä
  </option>
  <option
    value="UIM"
  >
    Uimaharju
  </option>
  <option
    value="UR"
  >
    Urjala
  </option>
  <option
    value="UTJ"
  >
    Utajärvi
  </option>
  <option
    value="UTI"
  >
    Utti
  </option>
  <option
    value="UKP"
  >
    Uusikaupunki
  </option>
  <option
    value="UKÄ"
  >
    Uusikylä
  </option>
  <option
    value="VKO"
  >
    Vaajakoski
  </option>
  <option
    value="VAA"
  >
    Vaala
  </option>
  <option
    value="VRA"
  >
    Vaarala
  </option>
  <option
    value="VS"
  >
    Vaasa
  </option>
  <option
    value="VJR"
  >
    Vahojärvi
  </option>
  <option
    value="VNA"
  >
    Vainikkala asema
  </option>
  <option
    value="VNAT"
  >
    Vainikkala tavara
  </option>
  <option
    value="VNAR"
  >
    Vainikkala-raja
  </option>
  <option
    value="VMO"
  >
    Valimo
  </option>
  <option
    value="VI"
  >
    Valkeakoski
  </option>
  <option
    value="VSO"
  >
    Valkeasuo
  </option>
  <option
    value="VLM"
  >
    Valtimo
  </option>
  <option
    value="VMA"
  >
    Vammala
  </option>
  <option
    value="VTR"
  >
    Vanattara
  </option>
  <option
    value="VKS"
  >
    Vantaankoski
  </option>
  <option
    value="VAR"
  >
    Varkaus
  </option>
  <option
    value="VUS"
  >
    Vartius
  </option>
  <option
    value="VUR"
  >
    Vartius-raja
  </option>
  <option
    value="VKH"
  >
    Vasikkahaka
  </option>
  <option
    value="VSK"
  >
    Vaskiluoto
  </option>
  <option
    value="VEH"
  >
    Vehkala
  </option>
  <option
    value="VKI"
  >
    Venetmäki
  </option>
  <option
    value="VN"
  >
    Vesanka
  </option>
  <option
    value="VK"
  >
    Viekki
  </option>
  <option
    value="VRM"
  >
    Vierumäki
  </option>
  <option
    value="VTI"
  >
    Vihanti
  </option>
  <option
    value="VIH"
  >
    Vihtari
  </option>
  <option
    value="VRI"
  >
    Vihtavuori
  </option>
  <option
    value="VIA"
  >
    Viiala
  </option>
  <option
    value="VNJ"
  >
    Viinijärvi
  </option>
  <option
    value="VYB"
  >
    Viipuri
  </option>
  <option
    value="VLH"
  >
    Villähde
  </option>
  <option
    value="VLP"
  >
    Vilppula
  </option>
  <option
    value="VIN"
  >
    Vinnilä
  </option>
  <option
    value="VMS"
  >
    Virkamies
  </option>
  <option
    value="VT"
  >
    Voltti
  </option>
  <option
    value="VHJ"
  >
    Vuohijärvi
  </option>
  <option
    value="VJO"
  >
    Vuojoki
  </option>
  <option
    value="VKT"
  >
    Vuokatti
  </option>
  <option
    value="VSL"
  >
    Vuonislahti
  </option>
  <option
    value="VNS"
  >
    Vuonos
  </option>
  <option
    value="VSA"
  >
    Vuosaari
  </option>
  <option
    value="VRS"
  >
    Värtsilä
  </option>
  <option
    value="YKST"
  >
    Ykspihlaja tavara
  </option>
  <option
    value="YKSV"
  >
    Ykspihlaja väliratapiha
  </option>
  <option
    value="YST"
  >
    Ylistaro
  </option>
  <option
    value="YTR"
  >
    Ylitornio
  </option>
  <option
    value="YLV"
  >
    Ylivalli
  </option>
  <option
    value="YV"
  >
    Ylivieska
  </option>
  <option
    value="YLK"
  >
    Yläkoski
  </option>
  <option
    value="YLY"
  >
    Ylämylly
  </option>
  <option
    value="YLÖ"
  >
    Ylöjärvi
  </option>
  <option
    value="YPY"
  >
    Ypykkävaara
  </option>
  <option
    value="ÄS"
  >
    Äetsä
  </option>
  <option
    value="ÄHT"
  >
    Ähtäri
  </option>
  <option
    value="ÄM"
  >
    Ämmänsaari
  </option>
  <option
    value="ÄKI"
  >
    Äänekoski
  </option>
</select>
`;
